2moro
2morrow
2moz
abt
adad
adih
adip
aeap
afaicr
afaics
afaict
afaik
afair
afap
atm
awol
b4
bbiab
bbl
bbq
bbs
bc
bff
bfn
bofh
brb
bsod
btdt
btw
cmiiw
cu
da
dftt
dgaf
diaf
dl
dnd
doa
eta
f9
ffs
fmcdh
fml
foad
foaf
ftfy
ftl
ftw
fu
fwiw
fyi
gbtw
gf
gfu
gfy
gg
ggs
gj
gl
gmta
gtfo
gtg
g2g
hf
hth
ianal
ibtl
idk
iht
iirc
iiuc
ily
imao
imho
imnsho
imo
iono
iow
irc
irl
itym
iwsn
iykwim
jas
jftr
jk
kos
kthx
l8r
lfg
lfm
lmao
lmfao
rofl
lmirl
lmk
ltns
lylab
lylas
m8
mfw
motd
mtfbwy
mud
mush
myob
n1
ne1
ngl
nifoc
nm
np
nsfw
nsoh
nvm
ofn
oic
omw
onoz
op
os
ot
otb
otoh
otp
paw
pita
plmk
pmsl
pots
pov
ppl
ptkfgs
pw
pwned
rl
rms
rsn
rtfb
rtfs
sfw
smh
smiley
snailmail
sohf
stfu
str8
tbf
tbh
tg
tgif
thnx
thx
tia
timwtk
tins
tl
tmi
tnx
tos
ttbomk
ttfn
ttyl
ttyn
ttys
ty
tyt
tyvm
ugo
urs
utfse
wb
wrt
wtb
wtf
wtg
wth
wts
wtt
wug
yagni
yagtoh
yec
ygm
yhbt
ykw
ymmv
yoyo
ytmnd
yw
ima
imma
deez
wit
fucken
tryna
ur
def
takin
cuz
nd
dnt
fo
sho
bday
nite
bro
ya
wanna
luv
2day
2night
2nite
tha
doin
goin
incl
nothin
yea
bringin
dun
kno
pic
frm
sis
sumn
tellin
tbh
idk
govt
lik
dis
evry
everytim
gr8
fkn
cnt
ive
dint
afta
boi
ad
bt
nw
2gva
nutn
ntn
sth
int
tymz
dossin
hses
agen
nyts
nyt
gd
wif
mor
hse
gt
jus
hpe
lst
gen
dey
bby
4eva
every1
evry1
nuff
es
ez
lyk
gud
twt
twtr
pls
plz
ty
wtb
cont
lv
obv
obvs
blate
blates
totes
innit
obvblates
whts
luvz
inna
anyways
hella
blu
niggaz
pz
plez
yuhu
yhuu
yu
yuhuu
kkk
bles
thru
aint
apr
aug
bcuz
birfday
convo
cryin
cus
cussin
cusz
dat
dec
ep
eps
fakin
fallin
fb
fck
fckn
feb
fo
getn
jan
jul
jun
mar
oct
pics
nov
sep
sq
thn
thro
tht
vids
wil
cum
