Австралия
Австрия
Азербайджан
Албания
Алжир
Ангилья
Ангола
Андорра
Антигуа и Барбуда
Аргентина
Армения
Аруба
Афганистан
Багамские острова
Бангладеш
Барбадос
Бахрейн
Беpмуды
Белиз
Белоруссия
Бельгия
Бенин
Болгария
Боливия
Боснии
Ботсвана
Бразилия
Британия
Бруней
Буркина-Фасо
Бурунди
Бутан
Вануату
Ватикан
Великобритания
Венгрия
Венесуэла
Виргинские о-ва (Великобр.)
Виргинские о-ва (США)
Вьетнам
Габон
Гаити
Гайана
Гамбия
Гана
Гватемала
Гвинея
Гвинея-Бисау
Германия
Гибралтар
Гондурас
Гонконг - Сянган
Гренада
Гренландия
Греция
Грузия
Гуам
Германия
Дания
Джибути
Доминика
Доминиканская Респ.
Египет
Замбия
Западная Сахара
Зимбабве
Израиль
Индия
Индонезия
Иордания
Ирак
Иран
Ирландия
Исландия
Испания
Италия
Йемен
Кабо-Верде
Казахстан
Каймановы Острова (Великобр.)
Камбоджа
Камерун
Канада
Катар
Кения
Кипр
Киргизия
Кирибати
Китайская Народная Респ.
Колумбия
Коморские Острова
Конго Дем.Республика (Заир)
Заир
Конго Республика
Корея Северная
КНДР
Корея Южная
Коста-Рика
Кот-д'Ивуар
Куба
Кувейт
Кука Острова
Лаос
Латвия
Лесото
Либерия
Ливан
Ливия
Литва
Лихтенштейн
Люксембург
Маврикий
Мавритания
Мадагаскар
Макао - Аомынь
Македония
Малави
Малайзия
Мали
Мальдивы
Мальта
Марокко
Мартиника
Маршалловы острова
Мексика
Микронезии Фед. Шт.
Мозамбик
Молдова
Монако
Монголия
Монтcеррат
Мьянма
Намибия
Науру
Непал
Нигер
Нигерия
Нидерландские Антильские о-ва
Нидерланды
Никарагуа
Ниуе - Савидж (Н.Зел.)
Новая Зеландия
Новая Каледония
Норвегия
Норфолк остров
ОАЭ
Оман
Пакистан
Палау
Панама
Папуа-Новая Гвинея
Парагвай
Перу
Питкерн остров
Польша
Португалия
Пуэрто-Рико
Реюньон
Рождества остров
Россия
Руанда
Румыния
США
Сальвадор
Самоа Американское
Самоа Западное
Сан-Марино
Сан-Томе и Принсипи
Сандвичевы о-ва
Саудовская Аравия
Св.Елены остров
Свазиленд
Свальбард и Ян-Майен о-ва
Северные Марианские о-ва
Сейшелы
Сен-Пьер и Микелон
Сенегал
Сент-Винсент и Гренадины
Сент-Китс и Невис
Сент-Люсия
Сингапур
Сирия
Словакия
Словения
Соединенных Штатов
Соломоновы Острова
Сомали
Судан
Суринам
Сьерра-Леоне
Таджикистан
Таиланд
Тайвань
Танзания
Тимор Восточный
Того
Токелау
Тонга
Тринидад и Тобаго
Тувалу
Тунис
Туркмения
Турция
Уганда
Узбекистан
Украина
Уоллис и Футуна о-ва (Фр.)
Уругвай
ФРГ
Фарерские о-ва
Фиджи
Филиппины
Финляндия
Фолклендские о-ва
Франция
Французская Гваделупа
Французская Гвиана
Французская Полинезия
Херд и МакДональд о-ва (Австрал.)
Хорватия
Центрально-Африканская Респ.
Чад
Чехия
Чили
Шpи-Ланка
Швейцария
Швеция
Эквадор
Экваториальная Гвинея
Эритрея
Эстония
Эфиопия
Югославия
Южно-Афpиканская Респ.
Ямайка
Япония
о. Майотта (Франция)
Ангола
Анголе
Анголой
Анголу
Анголы
Аргентина
Аргентине
Аргентиной
Аргентину
Аргентины
Венесуэла
Венесуэле
Венесуэлой
Венесуэлу
Венесуэлы
Молдова
Молдове
Молдовой
Молдову
Молдовы
Польша
Польше
Польшей
Польши
Польшу
Таиланд
Таиланда
Таиланде
Таиландом
Таиланду
Литва
Литве
Литвой
Литву
Литвы
Филиппин
Филиппинам
Филиппинами
Филиппинах
Филиппины
Чечне
Чечней
Чечни
Чечню
Чечня
Ботсване
Ботсвана
Ботсвану
Ботсваной
Ботсваны
Абхазией
Абхазии
Абхазию
Абхазия
Австрией
Австрии
Австрию
Австрия
Англией
Англии
Англию
Англия
Арменией
Армении
Армению
Армения
Белоруссией
Белоруссии
Белоруссию
Белоруссия
Бельгией
Бельгии
Бельгию
Бельгия
Болгарией
Болгарии
Болгарию
Болгария
Боснией
Боснии
Боснию
Босния
Бразилией
Бразилии
Бразилию
Бразилия
Британией
Британии
Британию
Британия
Великобританией
Великобритании
Великобританию
Великобритания
Германией
Германии
Германию
Германия
Грецией
Греции
Грецию
Греция
Грузией
Грузии
Грузию
Грузия
Данией
Дании
Данию
Дания
Индией
Индии
Индию
Индия
Индонезией
Индонезии
Индонезию
Индонезия
Иорданией
Иордании
Иорданию
Иордания
Ирландией
Ирландии
Ирландию
Ирландия
Испанией
Испании
Испанию
Испания
Италией
Италии
Италию
Италия
Кенией
Кении
Кению
Кения
Киргизией
Киргизии
Киргизию
Киргизия
Колумбией
Колумбии
Колумбию
Колумбия
Кореей
Кореи
Корею
Корея
Латвией
Латвии
Латвию
Латвия
Македонией
Македонии
Македонию
Македония
Малайзией
Малайзии
Малайзию
Малайзия
Молдавией
Молдавии
Молдавию
Молдавия
Монголией
Монголии
Монголию
Монголия
Нигерией
Нигерии
Нигерию
Нигерия
Португалией
Португалии
Португалию
Португалия
Россией
России
Россию
Россия
Румынией
Румынии
Румынию
Румыния
Сербией
Сербии
Сербию
Сербия
Сирией
Сирии
Сирию
Сирия
Словакией
Словакии
Словакию
Словакия
Словенией
Словении
Словению
Словения
Туркменией
Туркмении
Туркмению
Туркмения
Турцией
Турции
Турцию
Турция
Финляндией
Финляндии
Финляндию
Финляндия
Францией
Франции
Францию
Франция
Чехией
Чехии
Чехию
Чехия
Швейцарией
Швейцарии
Швейцарию
Швейцария
Швецией
Швеции
Швецию
Швеция
Эстонией
Эстонии
Эстонию
Эстония
Югославией
Югославии
Югославию
Югославия
Якутией
Якутии
Якутию
Якутия
Японией
Японии
Японию
Япония
Канада
Канаде
Канадой
Канаду
Канады
Палестина
Палестине
Палестиной
Палестину
Палестины
Украина
Украине
Украиной
Украину
Украины
Штатам
Штатами
Штатах
Штатов
Штаты
Израиле
Израилем
Израиль
Израилю
Израиля
Китае
Китаем
Китай
Китаю
Китая
Тайване
Тайвань
Тайваню
Тайваня
Тайванем
Бангладеш
Бангладеша
Бангладешу
Бангладеше
Бангладешем
Азербайджан
Азербайджана
Азербайджане
Азербайджаном
Азербайджану
Алжир
Алжира
Алжире
Алжиром
Алжиру
Афганистан
Афганистана
Афганистане
Афганистаном
Афганистану
Дагестан
Дагестана
Дагестане
Дагестаном
Дагестану
Египет
Египета
Египете
Египетом
Египету
Ирак
Ирака
Ираке
Ираком
Ираку
Иран
Ирана
Иране
Ираном
Ирану
Йемен
Йемена
Йемене
Йеменом
Йемену
Казахстан
Казахстана
Казахстане
Казахстаном
Казахстану
Киргизстан
Киргизстана
Киргизстане
Киргизстаном
Киргизстану
Кувейт
Кувейта
Кувейте
Кувейтом
Кувейту
Ливан
Ливана
Ливане
Ливаном
Ливану
Непал
Непала
Непале
Непалом
Непалу
Пакистан
Пакистана
Пакистане
Пакистаном
Пакистану
Таджикистан
Таджикистана
Таджикистане
Таджикистаном
Таджикистану
Татарстан
Татарстана
Татарстане
Татарстаном
Татарстану
Туркменистан
Туркменистана
Туркменистане
Туркменистаном
Туркменистану
Узбекистан
Узбекистана
Узбекистане
Узбекистаном
Узбекистану
Зимбабве
Конго
Марокко
Монако
Перу
Мексике
Мексики
Мексикой
Мексику
Мексика
Сомали
Венгрией
Венгрии
Венгрию
Венгрия
Голландией
Голландии
Голландию
Голландия
Зеландией
Зеландии
Зеландию
Зеландия
Исландией
Исландии
Исландию
Исландия
Норвегией
Норвегии
Норвегию
Норвегия
Эфиопией
Эфиопии
Эфиопию
Эфиопия
Вьетнам
Вьетнама
Вьетнаме
Вьетнамом
Вьетнаму
Кипр
Кипра
Кипре
Кипром
Кипру
Люксембург
Люксембурга
Люксембурге
Люксембургом
Люксембургу
Судан
Судана
Судане
Суданом
Судану
АНГОЛА
АНГОЛЕ
АНГОЛОЙ
АНГОЛУ
АНГОЛЫ
АРГЕНТИНА
АРГЕНТИНЕ
АРГЕНТИНОЙ
АРГЕНТИНУ
АРГЕНТИНЫ
ВЕНЕСУЭЛА
ВЕНЕСУЭЛЕ
ВЕНЕСУЭЛОЙ
ВЕНЕСУЭЛУ
ВЕНЕСУЭЛЫ
МОЛДОВА
МОЛДОВЕ
МОЛДОВОЙ
МОЛДОВУ
МОЛДОВЫ
ПОЛЬША
ПОЛЬШЕ
ПОЛЬШЕЙ
ПОЛЬШИ
ПОЛЬШУ
ТАИЛАНД
ТАИЛАНДА
ТАИЛАНДЕ
ТАИЛАНДОМ
ТАИЛАНДУ
ЛИТВА
ЛИТВЕ
ЛИТВОЙ
ЛИТВУ
ЛИТВЫ
ФИЛИППИН
ФИЛИППИНАМ
ФИЛИППИНАМИ
ФИЛИППИНАХ
ФИЛИППИНЫ
ЧЕЧНЕ
ЧЕЧНЕЙ
ЧЕЧНИ
ЧЕЧНЮ
ЧЕЧНЯ
БОТСВАНЕ
БОТСВАНА
БОТСВАНУ
БОТСВАНОЙ
БОТСВАНЫ
АБХАЗИЕЙ
АБХАЗИИ
АБХАЗИЮ
АБХАЗИЯ
АВСТРИЕЙ
АВСТРИИ
АВСТРИЮ
АВСТРИЯ
АНГЛИЕЙ
АНГЛИИ
АНГЛИЮ
АНГЛИЯ
АРМЕНИЕЙ
АРМЕНИИ
АРМЕНИЮ
АРМЕНИЯ
БЕЛОРУССИЕЙ
БЕЛОРУССИИ
БЕЛОРУССИЮ
БЕЛОРУССИЯ
БЕЛЬГИЕЙ
БЕЛЬГИИ
БЕЛЬГИЮ
БЕЛЬГИЯ
БОЛГАРИЕЙ
БОЛГАРИИ
БОЛГАРИЮ
БОЛГАРИЯ
БОСНИЕЙ
БОСНИИ
БОСНИЮ
БОСНИЯ
БРАЗИЛИЕЙ
БРАЗИЛИИ
БРАЗИЛИЮ
БРАЗИЛИЯ
БРИТАНИЕЙ
БРИТАНИИ
БРИТАНИЮ
БРИТАНИЯ
ВЕЛИКОБРИТАНИЕЙ
ВЕЛИКОБРИТАНИИ
ВЕЛИКОБРИТАНИЮ
ВЕЛИКОБРИТАНИЯ
ГЕРМАНИЕЙ
ГЕРМАНИИ
ГЕРМАНИЮ
ГЕРМАНИЯ
ГРЕЦИЕЙ
ГРЕЦИИ
ГРЕЦИЮ
ГРЕЦИЯ
ГРУЗИЕЙ
ГРУЗИИ
ГРУЗИЮ
ГРУЗИЯ
ДАНИЕЙ
ДАНИИ
ДАНИЮ
ДАНИЯ
ИНДИЕЙ
ИНДИИ
ИНДИЮ
ИНДИЯ
ИНДОНЕЗИЕЙ
ИНДОНЕЗИИ
ИНДОНЕЗИЮ
ИНДОНЕЗИЯ
ИОРДАНИЕЙ
ИОРДАНИИ
ИОРДАНИЮ
ИОРДАНИЯ
ИРЛАНДИЕЙ
ИРЛАНДИИ
ИРЛАНДИЮ
ИРЛАНДИЯ
ИСПАНИЕЙ
ИСПАНИИ
ИСПАНИЮ
ИСПАНИЯ
ИТАЛИЕЙ
ИТАЛИИ
ИТАЛИЮ
ИТАЛИЯ
КЕНИЕЙ
КЕНИИ
КЕНИЮ
КЕНИЯ
КИРГИЗИЕЙ
КИРГИЗИИ
КИРГИЗИЮ
КИРГИЗИЯ
КОЛУМБИЕЙ
КОЛУМБИИ
КОЛУМБИЮ
КОЛУМБИЯ
КОРЕЕЙ
КОРЕИ
КОРЕЮ
КОРЕЯ
ЛАТВИЕЙ
ЛАТВИИ
ЛАТВИЮ
ЛАТВИЯ
МАКЕДОНИЕЙ
МАКЕДОНИИ
МАКЕДОНИЮ
МАКЕДОНИЯ
МАЛАЙЗИЕЙ
МАЛАЙЗИИ
МАЛАЙЗИЮ
МАЛАЙЗИЯ
МОЛДАВИЕЙ
МОЛДАВИИ
МОЛДАВИЮ
МОЛДАВИЯ
МОНГОЛИЕЙ
МОНГОЛИИ
МОНГОЛИЮ
МОНГОЛИЯ
НИГЕРИЕЙ
НИГЕРИИ
НИГЕРИЮ
НИГЕРИЯ
ПОРТУГАЛИЕЙ
ПОРТУГАЛИИ
ПОРТУГАЛИЮ
ПОРТУГАЛИЯ
РОССИЕЙ
РОССИИ
РОССИЮ
РОССИЯ
РУМЫНИЕЙ
РУМЫНИИ
РУМЫНИЮ
РУМЫНИЯ
СЕРБИЕЙ
СЕРБИИ
СЕРБИЮ
СЕРБИЯ
СИРИЕЙ
СИРИИ
СИРИЮ
СИРИЯ
СЛОВАКИЕЙ
СЛОВАКИИ
СЛОВАКИЮ
СЛОВАКИЯ
СЛОВЕНИЕЙ
СЛОВЕНИИ
СЛОВЕНИЮ
СЛОВЕНИЯ
ТУРКМЕНИЕЙ
ТУРКМЕНИИ
ТУРКМЕНИЮ
ТУРКМЕНИЯ
ТУРЦИЕЙ
ТУРЦИИ
ТУРЦИЮ
ТУРЦИЯ
ФИНЛЯНДИЕЙ
ФИНЛЯНДИИ
ФИНЛЯНДИЮ
ФИНЛЯНДИЯ
ФРАНЦИЕЙ
ФРАНЦИИ
ФРАНЦИЮ
ФРАНЦИЯ
ЧЕХИЕЙ
ЧЕХИИ
ЧЕХИЮ
ЧЕХИЯ
ШВЕЙЦАРИЕЙ
ШВЕЙЦАРИИ
ШВЕЙЦАРИЮ
ШВЕЙЦАРИЯ
ШВЕЦИЕЙ
ШВЕЦИИ
ШВЕЦИЮ
ШВЕЦИЯ
ЭСТОНИЕЙ
ЭСТОНИИ
ЭСТОНИЮ
ЭСТОНИЯ
ЮГОСЛАВИЕЙ
ЮГОСЛАВИИ
ЮГОСЛАВИЮ
ЮГОСЛАВИЯ
ЯКУТИЕЙ
ЯКУТИИ
ЯКУТИЮ
ЯКУТИЯ
ЯПОНИЕЙ
ЯПОНИИ
ЯПОНИЮ
ЯПОНИЯ
КАНАДА
КАНАДЕ
КАНАДОЙ
КАНАДУ
КАНАДЫ
ПАЛЕСТИНА
ПАЛЕСТИНЕ
ПАЛЕСТИНОЙ
ПАЛЕСТИНУ
ПАЛЕСТИНЫ
УКРАИНА
УКРАИНЕ
УКРАИНОЙ
УКРАИНУ
УКРАИНЫ
ШТАТАМ
ШТАТАМИ
ШТАТАХ
ШТАТОВ
ШТАТЫ
ИЗРАИЛЕ
ИЗРАИЛЕМ
ИЗРАИЛЬ
ИЗРАИЛЮ
ИЗРАИЛЯ
КИТАЕ
КИТАЕМ
КИТАЙ
КИТАЮ
КИТАЯ
ТАЙВАНЕ
ТАЙВАНЬ
ТАЙВАНЮ
ТАЙВАНЯ
ТАЙВАНЕМ
БАНГЛАДЕШ
БАНГЛАДЕША
БАНГЛАДЕШУ
БАНГЛАДЕШЕ
БАНГЛАДЕШЕМ
АЗЕРБАЙДЖАН
АЗЕРБАЙДЖАНА
АЗЕРБАЙДЖАНЕ
АЗЕРБАЙДЖАНОМ
АЗЕРБАЙДЖАНУ
АЛЖИР
АЛЖИРА
АЛЖИРЕ
АЛЖИРОМ
АЛЖИРУ
АФГАНИСТАН
АФГАНИСТАНА
АФГАНИСТАНЕ
АФГАНИСТАНОМ
АФГАНИСТАНУ
ДАГЕСТАН
ДАГЕСТАНА
ДАГЕСТАНЕ
ДАГЕСТАНОМ
ДАГЕСТАНУ
ЕГИПЕТ
ЕГИПЕТА
ЕГИПЕТЕ
ЕГИПЕТОМ
ЕГИПЕТУ
ИРАК
ИРАКА
ИРАКЕ
ИРАКОМ
ИРАКУ
ИРАН
ИРАНА
ИРАНЕ
ИРАНОМ
ИРАНУ
ЙЕМЕН
ЙЕМЕНА
ЙЕМЕНЕ
ЙЕМЕНОМ
ЙЕМЕНУ
КАЗАХСТАН
КАЗАХСТАНА
КАЗАХСТАНЕ
КАЗАХСТАНОМ
КАЗАХСТАНУ
КИРГИЗСТАН
КИРГИЗСТАНА
КИРГИЗСТАНЕ
КИРГИЗСТАНОМ
КИРГИЗСТАНУ
КУВЕЙТ
КУВЕЙТА
КУВЕЙТЕ
КУВЕЙТОМ
КУВЕЙТУ
ЛИВАН
ЛИВАНА
ЛИВАНЕ
ЛИВАНОМ
ЛИВАНУ
НЕПАЛ
НЕПАЛА
НЕПАЛЕ
НЕПАЛОМ
НЕПАЛУ
ПАКИСТАН
ПАКИСТАНА
ПАКИСТАНЕ
ПАКИСТАНОМ
ПАКИСТАНУ
ТАДЖИКИСТАН
ТАДЖИКИСТАНА
ТАДЖИКИСТАНЕ
ТАДЖИКИСТАНОМ
ТАДЖИКИСТАНУ
ТАТАРСТАН
ТАТАРСТАНА
ТАТАРСТАНЕ
ТАТАРСТАНОМ
ТАТАРСТАНУ
ТУРКМЕНИСТАН
ТУРКМЕНИСТАНА
ТУРКМЕНИСТАНЕ
ТУРКМЕНИСТАНОМ
ТУРКМЕНИСТАНУ
УЗБЕКИСТАН
УЗБЕКИСТАНА
УЗБЕКИСТАНЕ
УЗБЕКИСТАНОМ
УЗБЕКИСТАНУ
ЗИМБАБВЕ
КОНГО
МАРОККО
МОНАКО
ПЕРУ
МЕКСИКЕ
МЕКСИКИ
МЕКСИКОЙ
МЕКСИКУ
МЕКСИКА
СОМАЛИ
ВЕНГРИЕЙ
ВЕНГРИИ
ВЕНГРИЮ
ВЕНГРИЯ
ГОЛЛАНДИЕЙ
ГОЛЛАНДИИ
ГОЛЛАНДИЮ
ГОЛЛАНДИЯ
ЗЕЛАНДИЕЙ
ЗЕЛАНДИИ
ЗЕЛАНДИЮ
ЗЕЛАНДИЯ
ИСЛАНДИЕЙ
ИСЛАНДИИ
ИСЛАНДИЮ
ИСЛАНДИЯ
НОРВЕГИЕЙ
НОРВЕГИИ
НОРВЕГИЮ
НОРВЕГИЯ
ЭФИОПИЕЙ
ЭФИОПИИ
ЭФИОПИЮ
ЭФИОПИЯ
ВЬЕТНАМ
ВЬЕТНАМА
ВЬЕТНАМЕ
ВЬЕТНАМОМ
ВЬЕТНАМУ
КИПР
КИПРА
КИПРЕ
КИПРОМ
КИПРУ
ЛЮКСЕМБУРГ
ЛЮКСЕМБУРГА
ЛЮКСЕМБУРГЕ
ЛЮКСЕМБУРГОМ
ЛЮКСЕМБУРГУ
СУДАН
СУДАНА
СУДАНЕ
СУДАНОМ
СУДАНУ

