Августа
Аграфена
Алина
Анна
Агата
Агриппина
Алиса
Антонида
Агафья
Ада
Алла
Антонина
Аглая
Аделаида
Альбина
Анфиса
Агнесса
Аза
Анастасия
Аполлинария
Агния
Алевтина
Ангелина
Ариадна
Александра
Анисья
Беатриса
Берта
Борислава
Бронислава
Валентина
Василиса
Виктория
Владлена
Валерия
Васса
Виргиния
Владислава
Ванда
Вера
Влада
Власта
Варвара
Вероника
Виктория
Владлена
Викторина
Галина
Ганна
Глафира
Горислава
Галя
Генриетта
Градислава
Дарья
Диана
Доминика
Домна
Дина
Ева
Евдокия
Елена
Ефросинья
Евгения
Евлампия
Елизавета
Ефросиния
Екатерина
Жанна
Зинаида
Злата
Зоя
Изабелла
Инга
Инна
Ирина
Изольда
Инесса
Ираида
Ия
Казимира
Каролина
Клара
Клеопатра
Калерия
Кира
Клариса
Конкордия
Капитолина
Клавдия
Клементина
Ксения
Лада
Лидия
Луиза
Любомила
Лариса
Лилиана
Лукерья
Любомира
Леокадия
Лилия
Любава
Людмила
Лиана
Лия
Любовь
Майя
Марина
Мелитриса
Мирослава
Мальвина
Мария
Милана
Млада
Маргарита
Марта
Милена
Мстислава
Марианна
Марфа
Милица
Муза
Мариетта
Меланья
Мира
Надежда
Наталия
Ника
Нинель
Наталья
Неонила
Нина
Нонна
Оксана
Октябрина
Олимпиада
Ольга
Пелагея
Поликсена
Прасковья
Пульхерия
Полина
Рада
Рената
Роза
Ростислава
Раиса
Римма
Розалия
Руфина
Регина
Рогнеда
Розина
Светлана
Сильвия
Станислава
Степанида
Серафима
Соломея
Стелла
Сусанна
Сильва
Софья
Стеллатэ
Таисия
Тамара
Татьяна
Ульяна
Фаина
Федосья
Флора
Фотина
Фелицата
Флорентина
Харистина
Христина
Эвелина
Элеонора
Эмилия
Эмма
Эльвира
Юлия
Ядвига
Ярослава
Диана
Диане
Дианой
Диану
Дианы
Магдалена
Магдалене
Магдаленой
Магдалену
Магдалены
Магдалина
Магдалине
Магдалиной
Магдалину
Магдалины
Татьяна
Татьяне
Татьяной
Татьяну
Татьяны
ДИАНА
ДИАНЕ
ДИАНОЙ
ДИАНУ
ДИАНЫ
МАГДАЛЕНА
МАГДАЛЕНЕ
МАГДАЛЕНОЙ
МАГДАЛЕНУ
МАГДАЛЕНЫ
МАГДАЛИНА
МАГДАЛИНЕ
МАГДАЛИНОЙ
МАГДАЛИНУ
МАГДАЛИНЫ
ТАТЬЯНА
ТАТЬЯНЕ
ТАТЬЯНОЙ
ТАТЬЯНУ
ТАТЬЯНЫ

