Суд Нижегородского района
КПСС
ОВР
СБ ООН
Объединенные Нации
Русского блока
Российское министерство иностранных дел
Приморской краевой поисково-спасательной службы
Высший арбитражный суд
Высший арбитражный суд
СОВЕТ БЕЗОПАСНОСТИ
ГОСУДАРСТВЕННЫЙ СОВЕТ
Госсовет России
Госсовет
Министерство внутренних дел
МВД
Министерство по делам гражданской обороны, чрезвычайным ситуациям и ликвидации последствий стихийных бедствий
Министерство по антимонопольной политике и поддержке предпринимательства
Министерство по делам печати, телерадиовещания и средств массовых коммуникаций
Министерство по налогам и сборам
Министерство здравоохранения
Министерство имущественных отношений
Министерство иностранных дел
МИД
Министерство культуры
Министерство обороны
Министерство образования
Министерство природных ресурсов
Министерство промышленности, науки и технологий
Министерство путей сообщения
Министерство по связи и информатизации
Министерство сельского хозяйства
Министерство транспорта
Министерство труда и социального развития
Министерство финансов
Министерство экономического развития и торговли
Министерство энергетики
Министерство юстиции
Комитет по физической культуре и спорту
Комитет по рыболовству
Комитет по стандартизации и метрологии
Комитет по статистике
Комитет по строительству и жилищно-коммунальному комплексу
Комитет по военно-техническому сотрудничеству с иностранными государствами
Комитет по финансовому мониторингу
Таможенный комитет
Комитет по контролю за оборотом наркотических средств и психотропных веществ
Государственная техническая комиссия при Президенте Российской Федерации
Федеральная комиссия по рынку ценных бумаг
Федеральная энергетическая комиссия
Государственная фельдъегерская служба
Служба внешней разведки
Федеральная архивная служба
Федеральная служба геодезии и картографии
Федеральная служба железнодорожных войск
Федеральная служба земельного кадастра
Федеральная служба по гидрометеорологии и мониторингу окружающей среды
Федеральная служба безопасности
Федеральная служба по финансовому оздоровлению и банкротству
Федеральная служба охраны
Федеральная служба специального строительства
Российское авиационно-космическое агентство
Российское агентство по боеприпасам
Российское агентство по обычным вооружениям
Российское агентство по системам управления
Российское агентство по судостроению
Российское агентство по патентам и товарным знакам
Российское агентство по государственным резервам
Федеральный горный и промышленный надзор России
Федеральный надзор по ядерной и радиационной безопасности
Административный департамент
Департамент государственной службы и кадров
Департамент культуры, образования и науки
Департамент международного сотрудничества
Департамент оборонного комплекса
Департамент правительственной информации
Департамент производственной инфраструктуры и строительства
Департамент развития агропромышленного комплекса
Департамент регионального развития
Департамент по связям с Федеральным Собранием, общественными организациями и религиозными объединениями
Департамент социального развития
Департамент финансов
Департамент экономики и управления собственностью
Департамент энергетических и природных ресурсов
Контрольное управление
Правовое управление
Управление делопроизводства и архива
Управление материально-технического обеспечения
Управление по защите государственной тайны
Отдел по работе с обращениями граждан
Главное управление специальных программ Президента Российской Федерации
Управление делами Президента Российской Федерации
Канцелярия Президента
Референтура Президента
Главное территориальное управление
Главное управление внутренней политики
Аппарат Совета Безопасности
Главное контрольное управление
Главное государственно-правовое управление
Управление по внешней политике
Управление кадров
Экономическое управление
Экспертное управление
Управление по государственным наградам
Управление по вопросам гражданства
Управление по вопросам помилования
Управление протокола
Управление пресс-службы
Информационное управление
Организационное управление
Управление информационного и документационного обеспечения
Управление по работе с обращениями граждан
Комиссия по вопросам военно-технического сотрудничества
Комиссия при Президенте Российской Федерации по военнопленным, интернированным и пропавшим без вести
Комиссия по подготовке предложений о разграничении предметов ведения и полномочий между федеральными органами государственной власти, органами государственной власти субъектов Российской Федерации и органами местного самоуправления
Комиссия по вопросам гражданства
Государственная техническая комиссия при Президенте Российской Федерации*
Комиссия по государственным наградам
Комиссия по правам человека
Комиссия по реабилитации жертв политических репрессий
Совет по культуре и искусству
Геральдический совет
Совет по науке и высоким технологиям
Совет по взаимодействию с религиозными объединениями
Совет по физической культуре и спорту
Госдума
Госдуме
Госдумой
Госдуму
Госдумы
Дума
Думе
Думой
Думу
Думы
Госсовет
Госсовета
Госсовете
Госсоветом
Госсовету
Генпрокуратура
Генпрокуратуре
Генпрокуратурой
Генпрокуратуру
Генпрокуратуры
Генштаб
Генштаба
Генштабе
Генштабом
Генштабу
Госдепартамент
Госдепартамента
Госдепартаменте
Госдепартаментом
Госдепартаменту
ГОСДУМА
ГОСДУМЕ
ГОСДУМОЙ
ГОСДУМУ
ГОСДУМЫ
ДУМА
ДУМЕ
ДУМОЙ
ДУМУ
ДУМЫ
ГОССОВЕТ
ГОССОВЕТА
ГОССОВЕТЕ
ГОССОВЕТОМ
ГОССОВЕТУ
ГЕНПРОКУРАТУРА
ГЕНПРОКУРАТУРЕ
ГЕНПРОКУРАТУРОЙ
ГЕНПРОКУРАТУРУ
ГЕНПРОКУРАТУРЫ
ГЕНШТАБ
ГЕНШТАБА
ГЕНШТАБЕ
ГЕНШТАБОМ
ГЕНШТАБУ
ГОСДЕПАРТАМЕНТ
ГОСДЕПАРТАМЕНТА
ГОСДЕПАРТАМЕНТЕ
ГОСДЕПАРТАМЕНТОМ
ГОСДЕПАРТАМЕНТУ
совет безопасности
государственный совет
госсовет россии
госсовет
министерство внутренних дел
мвд
министерство по делам гражданской обороны, чрезвычайным ситуациям и ликвидации последствий стихийных бедствий
министерство по антимонопольной политике и поддержке предпринимательства
министерство по делам печати, телерадиовещания и средств массовых коммуникаций
министерство по налогам и сборам
министерство здравоохранения
министерство имущественных отношений
министерство иностранных дел
мид
министерство культуры
министерство обороны
министерство образования
министерство природных ресурсов
министерство промышленности, науки и технологий
министерство путей сообщения
министерство по связи и информатизации
министерство сельского хозяйства
министерство транспорта
министерство труда и социального развития
министерство финансов
министерство экономического развития и торговли
министерство энергетики
министерство юстиции
комитет по физической культуре и спорту
комитет по рыболовству
комитет по стандартизации и метрологии
комитет по статистике
комитет по строительству и жилищно-коммунальному комплексу
комитет по военно-техническому сотрудничеству с иностранными государствами
комитет по финансовому мониторингу
таможенный комитет
комитет по контролю за оборотом наркотических средств и психотропных веществ
государственная техническая комиссия при президенте российской федерации
федеральная комиссия по рынку ценных бумаг
федеральная энергетическая комиссия
государственная фельдъегерская служба
служба внешней разведки
федеральная архивная служба
федеральная служба геодезии и картографии
федеральная служба железнодорожных войск
федеральная служба земельного кадастра
федеральная служба по гидрометеорологии и мониторингу окружающей среды
федеральная служба безопасности
федеральная служба по финансовому оздоровлению и банкротству
федеральная служба охраны
федеральная служба специального строительства
российское авиационно-космическое агентство
российское агентство по боеприпасам
российское агентство по обычным вооружениям
российское агентство по системам управления
российское агентство по судостроению
российское агентство по патентам и товарным знакам
российское агентство по государственным резервам
федеральный горный и промышленный надзор россии
федеральный надзор по ядерной и радиационной безопасности
административный департамент
департамент государственной службы и кадров
департамент культуры, образования и науки
департамент международного сотрудничества
департамент оборонного комплекса
департамент правительственной информации
департамент производственной инфраструктуры и строительства
департамент развития агропромышленного комплекса
департамент регионального развития
департамент по связям с федеральным собранием, общественными организациями и религиозными объединениями
департамент социального развития
департамент финансов
департамент экономики и управления собственностью
департамент энергетических и природных ресурсов
контрольное управление
правовое управление
управление делопроизводства и архива
управление материально-технического обеспечения
управление по защите государственной тайны
отдел по работе с обращениями граждан
главное управление специальных программ президента российской федерации
управление делами президента российской федерации
канцелярия президента
референтура президента
главное территориальное управление
главное управление внутренней политики
аппарат совета безопасности
главное контрольное управление
главное государственно-правовое управление
управление по внешней политике
управление кадров
экономическое управление
экспертное управление
управление по государственным наградам
управление по вопросам гражданства
управление по вопросам помилования
управление протокола
управление пресс-службы
информационное управление
организационное управление
управление информационного и документационного обеспечения
управление по работе с обращениями граждан
комиссия по вопросам военно-технического сотрудничества
комиссия при президенте российской федерации по военнопленным, интернированным и пропавшим без вести
комиссия по подготовке предложений о разграничении предметов ведения и полномочий между федеральными органами государственной власти, органами государственной власти субъектов российской федерации и органами местного самоуправления
комиссия по вопросам гражданства
государственная техническая комиссия при президенте российской федерации*
комиссия по государственным наградам
комиссия по правам человека
комиссия по реабилитации жертв политических репрессий
совет по культуре и искусству
геральдический совет
совет по науке и высоким технологиям
совет по взаимодействию с религиозными объединениями
совет по физической культуре и спорту
госдума
госдуме
госдумой
госдуму
госдумы
госсовет
госсовета
госсовете
госсоветом
госсовету
генпрокуратура
генпрокуратуре
генпрокуратурой
генпрокуратуру
генпрокуратуры
генштаб
генштаба
генштабе
генштабом
генштабу
госдепартамент
госдепартамента
госдепартаменте
госдепартаментом
госдепартаменту
Совет Безопасности
Государственный Совет
Госсовет России
Госсовет
Министерство Внутренних Дел
Мвд
Министерство По Делам Гражданской Обороны, Чрезвычайным Ситуациям И Ликвидации Последствий Стихийных Бедствий
Министерство По Антимонопольной Политике И Поддержке Предпринимательства
Министерство По Делам Печати, Телерадиовещания И Средств Массовых Коммуникаций
Министерство По Налогам И Сборам
Министерство Здравоохранения
Министерство Имущественных Отношений
Министерство Иностранных Дел
Мид
Министерство Культуры
Министерство Обороны
Министерство Образования
Министерство Природных Ресурсов
Министерство Промышленности, Науки И Технологий
Министерство Путей Сообщения
Министерство По Связи И Информатизации
Министерство Сельского Хозяйства
Министерство Транспорта
Министерство Труда И Социального Развития
Министерство Финансов
Министерство Экономического Развития И Торговли
Министерство Энергетики
Министерство Юстиции
Комитет По Физической Культуре И Спорту
Комитет По Рыболовству
Комитет По Стандартизации И Метрологии
Комитет По Статистике
Комитет По Строительству И Жилищно-Коммунальному Комплексу
Комитет По Военно-Техническому Сотрудничеству С Иностранными Государствами
Комитет По Финансовому Мониторингу
Таможенный Комитет
Комитет По Контролю За Оборотом Наркотических Средств И Психотропных Веществ
Государственная Техническая Комиссия При Президенте Российской Федерации
Федеральная Комиссия По Рынку Ценных Бумаг
Федеральная Энергетическая Комиссия
Государственная Фельдъегерская Служба
Служба Внешней Разведки
Федеральная Архивная Служба
Федеральная Служба Геодезии И Картографии
Федеральная Служба Железнодорожных Войск
Федеральная Служба Земельного Кадастра
Федеральная Служба По Гидрометеорологии И Мониторингу Окружающей Среды
Федеральная Служба Безопасности
Федеральная Служба По Финансовому Оздоровлению И Банкротству
Федеральная Служба Охраны
Федеральная Служба Специального Строительства
Российское Авиационно-Космическое Агентство
Российское Агентство По Боеприпасам
Российское Агентство По Обычным Вооружениям
Российское Агентство По Системам Управления
Российское Агентство По Судостроению
Российское Агентство По Патентам И Товарным Знакам
Российское Агентство По Государственным Резервам
Федеральный Горный И Промышленный Надзор России
Федеральный Надзор По Ядерной И Радиационной Безопасности
Административный Департамент
Департамент Государственной Службы И Кадров
Департамент Культуры, Образования И Науки
Департамент Международного Сотрудничества
Департамент Оборонного Комплекса
Департамент Правительственной Информации
Департамент Производственной Инфраструктуры И Строительства
Департамент Развития Агропромышленного Комплекса
Департамент Регионального Развития
Департамент По Связям С Федеральным Собранием, Общественными Организациями И Религиозными Объединениями
Департамент Социального Развития
Департамент Финансов
Департамент Экономики И Управления Собственностью
Департамент Энергетических И Природных Ресурсов
Контрольное Управление
Правовое Управление
Управление Делопроизводства И Архива
Управление Материально-Технического Обеспечения
Управление По Защите Государственной Тайны
Отдел По Работе С Обращениями Граждан
Главное Управление Специальных Программ Президента Российской Федерации
Управление Делами Президента Российской Федерации
Канцелярия Президента
Референтура Президента
Главное Территориальное Управление
Главное Управление Внутренней Политики
Аппарат Совета Безопасности
Главное Контрольное Управление
Главное Государственно-Правовое Управление
Управление По Внешней Политике
Управление Кадров
Экономическое Управление
Экспертное Управление
Управление По Государственным Наградам
Управление По Вопросам Гражданства
Управление По Вопросам Помилования
Управление Протокола
Управление Пресс-Службы
Информационное Управление
Организационное Управление
Управление Информационного И Документационного Обеспечения
Управление По Работе С Обращениями Граждан
Комиссия По Вопросам Военно-Технического Сотрудничества
Комиссия При Президенте Российской Федерации По Военнопленным, Интернированным И Пропавшим Без Вести
Комиссия По Подготовке Предложений О Разграничении Предметов Ведения И Полномочий Между Федеральными Органами Государственной Власти, Органами Государственной Власти Субъектов Российской Федерации И Органами Местного Самоуправления
Комиссия По Вопросам Гражданства
Государственная Техническая Комиссия При Президенте Российской Федерации*
Комиссия По Государственным Наградам
Комиссия По Правам Человека
Комиссия По Реабилитации Жертв Политических Репрессий
Совет По Культуре И Искусству
Геральдический Совет
Совет По Науке И Высоким Технологиям
Совет По Взаимодействию С Религиозными Объединениями
Совет По Физической Культуре И Спорту
Госдума
Госдуме
Госдумой
Госдуму
Госдумы
Госсовет
Госсовета
Госсовете
Госсоветом
Госсовету
Генпрокуратура
Генпрокуратуре
Генпрокуратурой
Генпрокуратуру
Генпрокуратуры
Генштаб
Генштаба
Генштабе
Генштабом
Генштабу
Госдепартамент
Госдепартамента
Госдепартаменте
Госдепартаментом
Госдепартаменту
Абу Сайяф
ВВС США
ВВС
Советом Федерации
СФ
KOC
Совет Безопасности ООН
UNTAET
Временной Администрации Организации Объединенных Наций в Восточном Тиморе
Организации Объединенных Наций
Временной Администрации
ГУВД
Социал-демократической партии
страсбургский европейский суд
Страсбургский европейский суд
Страсбургский суд
Чайка
Верховный суд
верховный суд