DJ RAM
Александр Бронштейн
Александр Волошин
Александр Колтовой
Александр Починок
Александр Рогожкин
Александр Хлопонин
Алексей Кудрявцев
Алина Кабаева
Анатолий Карачинский
Андрей Бахметьев
Андрей Младенцев
Андрей Хромов
Аркадий Морейнис
Артем Троицкий
Артемий Лебедев
Борис Нуралиев
Вадим Наливайко
Валентин Янин
Валерий Медведев
Валерий Окулов
Валерий Панюшкин
Виктор Наумов
Владимир Брежнев
Владимир Познер
Владимир Рашевский
Владимир Сорокин
Вячеслав Петкун
Вячеслав Щербаков
Галина Лысикова
Генрих Падва
Григорий Чхартишвили (Борис Акунин)
Григорий Полторак
Дмитрий Гутов
Дмитрий Дибров
Дмитрий Орешкин
Дмитрий Тиманов
Евгений Ярославский
Евгений Гришковец
Евгений Касперский
Евгений Киселев
Евгений Козловский
Евгений Кургин
Екатерина Андреева
Екатерина Рождественская
Елена Гаврилова
Елена Трубникова
Жорес Алферов
Иван Затевахин
Иван Шаповалов
Игорь Иванов
Игорь Лутц
Илья Лагутенко
Ирина Хакамада
Кирилл, Митрополит Смоленский и Калининградский
Леонид Рейман
Леонид Рошаль
Максим Галкин
Максим Неишпапа
Масяня
Михаил Гуцериев
Михаил Касьянов
Михаил Козырев
Михаил Меринг
Михаил Подорожанский
Михаил Рогальский
Михаил Смирнов
Михаил Ходорковский
Наталья Нестерова
Никита Скрипкин
Николай Макаров
Николай Репин
Олег Куваев
Олег Кулик
Олег Пащенко
Ольга Дергунова
Павел Черепанов
Павел Любимцев
Петр Авен
Рубен Варданян
Руслан Нигматуллин
Саша Козлова
Сергей Безруков
Сергей Бодров
Сергей Брин
Сергей Зверев
Сергей Кузнецов
Сергей Орловский
Сергей Пархоменко
Сергей Франк
Сергей Шойгу
Сергей Шуняев
Таня Сазанская
Федор Конюхов
Хрюн Моржов и Степан Капуста
Эдвард Радзинский
Юрий Афанасьев
Юрий Грымов
Юрий Сенкевич
