рублей
рубль
РУБЛЬ
Алжирский динар
алжирский динар
динар
ДИНАР
Андорская песета
андорская песета
песета
ПЕСЕТА
Азербайджанский манат
азербайджанский манат
манат
МАНАТ
Аргентинское песо
аргентинское песо
песо
ПЕСО
Австралийский доллар
австралийский доллар
доллар
ДОЛЛАР
Англ. фунт стерлингов
англ. фунт стерлингов
Белорусских рублей
белорусских рублей
Датских крон
датских крон
крона
КРОНА
ЕВРО
евро
Исландских крон
исландских крон
Казахских тенге
казахских тенге
Норвежских крон
норвежских крон
СДР
Сингапурский доллар
сингапурский доллар
Турецких лир
турецких лир
Украинских гривен
украинских гривен
Шведских крон
шведских крон
Швейцарский франк
швейцарский франк
Японских иен
японских иен
иена
Иена
ИЕНА
Иен
иен
ИЕН
Шиллинг
шиллинг
ШИЛЛИНГ
Багамский доллар
багамский доллар
Бахрейнский динар
бахрейнский динар
динар
Динар
ДИНАР
Армянский драм
армянский драм
Барбадосский доллар
барбадосский доллар
Бельгийский франк
бельгийский франк
франк
Франк
ФРАНК
Бермудский доллар
бермудский доллар
Нгултрум
нгултрум
Боливиано
боливиано
Пула
пула
Белизский доллар
белизский доллар
Доллар Соломоновых островов
доллар Соломоновых островов
Брунейский доллар
брунейский доллар
Лев
лев
ЛЕВ
Кьят
кьят
КЬЯТ
Бурундийский франк
бурундийский франк
Риель
риель
РИЕЛЬ
Канадский доллар
канадский доллар
Эскудо Кабо-Верде
эскудо Кабо-Верде
эскудо
ЭСКУДО
Доллар Каймановых островов
доллар Каймановых островов
Шри-Ланкийская рупия
Чилийское песо
чилийское песо
Юань Ренминби
юань Ренминби
юань
Юань
ЮАНЬ
Колумбийское песо
колумбийское песо
Франк Коморских островов
франк Коморских островов
Костариканский колон
Куна
Кубинское песо
Кипрский фунт
Чешская крона
Датская крона
Доминиканское песо
Сукре
Сальвадорский колон
Эфиопский быр
Накфа
Крона
Фунт Фолклендских островов
Доллар Фиджи
Марка
марка
МАРКА
Французский франк
Франк Джибути
Даласи
Немецкая марка
Седи
Гибралтарский фунт
Драхма
драхма
ДРАХМА
Кетсаль
Гвинейский франк
Гайанский доллар
Гурд
Лемпира
Гонконгский доллар
Форинт
Исландская крона
Индийская рупия
Рупия
рупия
РУПИЯ
Иранский риал
Иракский динар
Ирландский фунт
Новый израильский шекель
Итальянская лира
Лира
лира
ЛИРА
Ямайский доллар
Йена
йена
ЙЕНА
Тенге
Иорданский динар
Кенийский шиллинг
Северо-корейская вона
Вона
Кувейтский динар
Сом
Кип
Ливанский фунт
Лоти
Латвийский лат
Либерийский доллар
Ливийский динар
Литовский лит
Люксембургский франк
Патака
Малагасийский франк
Квача
Малайзийский рингтит
Руфия
Мальтийская лира
Угия
Маврикийская рупия
Мексиканское песо
Тугрик
Молдавский лей
Марокканский дирхам
Метикал
Оманский риал
Доллар Намибии
Непальская рупия
Нидерландский гульден
Нидерландский антильский гульден
Арубанский гульден
Вату
Новозеландский доллар
Золотая кордоба
Найра
Норвежская крона
Пакистанская рупия
Бальбоа
Кина
Гуарани
Новый соль
Филиппинское песо
Португальское эскудо
Песо Гвинеи-Бисау
Тиморское эскудо
Катарский риал
Лей
Российский рубль (деноминированный)
Франк Руанды
Фунт Острова Святой Елены
Добра
Саудовский риял
Сейшельская рупия
Леоне
Сингапурский доллар
Словацкая крона
Донг
Толар
Сомалийский шиллинг
Рэнд
Доллар Зимбабве
Испанская песета
Суданский динар
Суринамский гульден
Лилангени
Шведская крона
Швейцарский франк
Сирийский фунт
Бат
Паанга
Доллар Тринидада и Тобаго
Дирхам (ОАЭ)
Тунисский динар
Турецкая лира
Манат
Угандийский шиллинг
Динар
Российский рубль
Египетский фунт
Фунт стерлингов
Танзанийский шиллинг
Доллар США
Уругвайское песо
Узбекский сум
Боливар
Тала
Йеменский риал
Югославский динар
Квача (замбийская)
Новый тайваньский доллар
Франк КФА ВЕАС
Восточно-карибский доллар
Франк КФА ВСЕАО
Франк КФП
Сомони
Кванза
Белорусский рубль
Болгарский лев
болгарский лев
Конголезский франк
Конвертируемая марка
Евро
Гривна
гривна
ГРИВНА
Лари
Злотый
злотый
ЗЛОТЫЙ
Бразильский реал
реал
РЕАЛ
Реал
