Август
Андриян
Андрон
Арефий
Авдей
Азарий
Андроник
Аристарх
Аверьян
Аким
Аникита
Аркадий
Авксентий
Александр
Аникей
Арсений
Автоном
Алексей
Анисим
Артемий
Агап
Амвросий
Антип
Артем
Агафон
Амос
Антон
Архип
Аггей
Ананий
Антонин
Аскольд
Адам
Анатолий
Аполлинарий
Афанасий
Адриан
Андрей
Аполлон
Афиноген
Бажен
Болеслав
Борислав
Бронислав
Богдан
Борис
Боян
Будимир
Вадим
Василий
Викторин
Влас
Валентин
Вацлав
Виссарион
Всеволод
Валерий
Велимир
Виталий
Всемил
Валерьян
Венедикт
Владилен
Всеслав
Варлаам
Вениамин
Владлен
Вышеслав
Варфоломей
Викентий
Владимир
Вячеслав
Виктор
Владислав
Гаврила
Гедеон
Герман
Гремислав
Гавриил
Геннадий
Глеб
Григорий
Галактион
Георгий
Гордей
Гурий
Герасим
Гостомысл
Давыд
Даниил
Денис
Доброслав
Давид
Дементий
Дмитрий
Дорофей
Данила
Демид
Добромысл
Евгений
Евсей
Елисей
Ермолай
Евграф
Евстафий
Емельян
Ерофей
Евдоким
Евстигней
Епифан
Ефим
Евлампий
Егор
Еремей
Ефрем
Елизар
Ермил
Захар
Зиновий
Зосима
Иван
Изот
Иннокентий
Ипполит
Игнатий
Изяслав
Иосиф
Ираклий
Игорь
Иларион
Ипат
Исай
Измаил
Илья
Ипатит
Исидор
Казимир
Касьян
Клементий
Корнил
Каллистрат
Ким
Клим
Корней
Капитон
Кир
Кондрат
Корнилий
Карл
Кирилл
Кондратий
Кузьма
Карп
Клавдий
Конон
Куприян
Климент
Константин
Лавр
Лазарь
Леонтий
Лучезар
Лаврентий
Лев
Лонгин
Любим
Ладимир
Леон
Лука
Любомир
Ладислав
Леонид
Лукьян
Любомысл
Макар
Мартьян
Милован
Михаил
Максим
Матвей
Мина
Михей
Максимильян
Мефодий
Мир
Модест
Мариан
Мечислав
Мирон
Моисей
Марк
Милан
Мирослав
Мокей
Мартын
Милен
Митрофан
Мстислав
Милий
Назар
Наум
Никита
Николай
Наркис
Нестор
Никифор
Никон
Натан
Никандр
Никодим
Нифонт
Никанор
Олег
Онуфрий
Осип
Остомир
Олимпий
Орест
Остап
Павел
Панфил
Пимен
Пров
Панкратий
Парамон
Платон
Прокл
Панкрат
Парфен
Поликарп
Прокофий
Пантелеймон
Пахом
Порфирий
Прохор
Петр
Потап
Радим
Ратибор
Роман
Руслан
Радислав
Ратмир
Ростислав
Рюрик
Радован
Родион
Рубен
Савва
Святослав
Сидор
Софон
Савватий
Севастьян
Сила
Спартак
Савелий
Селиван
Силантий
Спиридон
Самсон
Селиверст
Сильвестр
Станимир
Самуил
Семен
Симон
Станислав
Светозар
Серафим
Сократ
Степан
Святополк
Сергей
Соломон
Стоян
Сигизмунд
Тарас
Творимир
Тимур
Трифон
Твердислав
Терентий
Тит
Трофим
Тимофей
Тихон
Ульян
Устин
Фадей
Феликс
Филимон
Фома
Федор
Феоктист
Филипп
Фортунат
Федосий
Феофан
Фирс
Фотий
Федот
Ферапонт
Флорентин
Флор
Филарет
Фока
Харитон
Харлампий
Христофор
Чеслав
Эдуард
Эммануил
Эраст
Эрнст
Эмиль
Эрнест
Ювеналий
Юлиан
Юлий
Юрий
Яков
Ян
Януарий
Ярослав
Якуб
Ярополк
Абдельбассет
Абдельбассета
Абдельбассете
Абдельбассетом
Абдельбассету
АБДЕЛЬБАССЕТ
АБДЕЛЬБАССЕТА
АБДЕЛЬБАССЕТЕ
АБДЕЛЬБАССЕТОМ
АБДЕЛЬБАССЕТУ
Абдурашид
Абдурашида
Абдурашиде
Абдурашидом
Абдурашиду
АБДУРАШИД
АБДУРАШИДА
АБДУРАШИДЕ
АБДУРАШИДОМ
АБДУРАШИДУ
Абдалла
Абдалле
Абдаллой
Абдаллу
Абдаллы
АБДАЛЛА
АБДАЛЛЕ
АБДАЛЛОЙ
АБДАЛЛУ
АБДАЛЛЫ
Вячеслав
Вячеслава
Вячеславе
Вячеславом
Вячеславу
ВЯЧЕСЛАВ
ВЯЧЕСЛАВА
ВЯЧЕСЛАВЕ
ВЯЧЕСЛАВОМ
ВЯЧЕСЛАВУ
Магомед
Магомеда
Магомеде
Магомедом
Магомеду
МАГОМЕД
МАГОМЕДА
МАГОМЕДЕ
МАГОМЕДОМ
МАГОМЕДУ
Миролюб
Миролюба
Миролюбе
Миролюбом
Миролюбу
МИРОЛЮБ
МИРОЛЮБА
МИРОЛЮБЕ
МИРОЛЮБОМ
МИРОЛЮБУ
Мохаммед
Мохаммеда
Мохаммеде
Мохаммедом
Мохаммеду
МОХАММЕД
МОХАММЕДА
МОХАММЕДЕ
МОХАММЕДОМ
МОХАММЕДУ
Мирослав
Мирослава
Мирославе
Мирославом
Мирославу
МИРОСЛАВ
МИРОСЛАВА
МИРОСЛАВЕ
МИРОСЛАВОМ
МИРОСЛАВУ
Цзян
Цзяна
Цзяне
Цзяном
Цзяну
ЦЗЯН
ЦЗЯНА
ЦЗЯНЕ
ЦЗЯНОМ
ЦЗЯНУ
Жан
Жана
Жаном
Жану
Жане
ЖАН
ЖАНА
ЖАНОМ
ЖАНУ
ЖАНЕ
Абдул
Абдула
Абдуле
Абдулом
Абдулу
АБДУЛ
АБДУЛА
АБДУЛЕ
АБДУЛОМ
АБДУЛУ
Азиз
Азиза
Азизе
Азизом
Азизу
АЗИЗ
АЗИЗА
АЗИЗЕ
АЗИЗОМ
АЗИЗУ
Александр
Александра
Александре
Александром
Александру
АЛЕКСАНДР
АЛЕКСАНДРА
АЛЕКСАНДРЕ
АЛЕКСАНДРОМ
АЛЕКСАНДРУ
Борис
Бориса
Борисе
Борисом
Борису
БОРИС
БОРИСА
БОРИСЕ
БОРИСОМ
БОРИСУ
Вадим
Вадима
Вадиме
Вадимом
Вадиму
ВАДИМ
ВАДИМА
ВАДИМЕ
ВАДИМОМ
ВАДИМУ
Виктор
Виктора
Викторе
Виктором
Виктору
ВИКТОР
ВИКТОРА
ВИКТОРЕ
ВИКТОРОМ
ВИКТОРУ
Владимир
Владимира
Владимире
Владимиром
Владимиру
ВЛАДИМИР
ВЛАДИМИРА
ВЛАДИМИРЕ
ВЛАДИМИРОМ
ВЛАДИМИРУ
Джордж
Джорджа
Джордже
Джорджем
Джорджу
ДЖОРДЖ
ДЖОРДЖА
ДЖОРДЖЕ
ДЖОРДЖЕМ
ДЖОРДЖУ
Дональд
Дональда
Дональде
Дональдом
Дональду
ДОНАЛЬД
ДОНАЛЬДА
ДОНАЛЬДЕ
ДОНАЛЬДОМ
ДОНАЛЬДУ
Жак
Жака
Жаке
Жаком
Жаку
ЖАК
ЖАКА
ЖАКЕ
ЖАКОМ
ЖАКУ
Иван
Ивана
Иване
Иваном
Ивану
ИВАН
ИВАНА
ИВАНЕ
ИВАНОМ
ИВАНУ
Иоанн
Иоанна
Иоанне
Иоанном
Иоанну
ИОАНН
ИОАННА
ИОАННЕ
ИОАННОМ
ИОАННУ
Кирилл
Кирилла
Кирилле
Кириллом
Кириллу
КИРИЛЛ
КИРИЛЛА
КИРИЛЛЕ
КИРИЛЛОМ
КИРИЛЛУ
Колин
Колина
Колине
Колином
Колину
КОЛИН
КОЛИНА
КОЛИНЕ
КОЛИНОМ
КОЛИНУ
Константин
Константина
Константине
Константином
Константину
КОНСТАНТИН
КОНСТАНТИНА
КОНСТАНТИНЕ
КОНСТАНТИНОМ
КОНСТАНТИНУ
Леонид
Леонида
Леониде
Леонидом
Леониду
ЛЕОНИД
ЛЕОНИДА
ЛЕОНИДЕ
ЛЕОНИДОМ
ЛЕОНИДУ
Магомет
Магомета
Магомете
Магометом
Магомету
МАГОМЕТ
МАГОМЕТА
МАГОМЕТЕ
МАГОМЕТОМ
МАГОМЕТУ
Михаил
Михаила
Михаиле
Михаилом
Михаилу
МИХАИЛ
МИХАИЛА
МИХАИЛЕ
МИХАИЛОМ
МИХАИЛУ
Олег
Олега
Олеге
Олегом
Олегу
ОЛЕГ
ОЛЕГА
ОЛЕГЕ
ОЛЕГОМ
ОЛЕГУ
Павел
Павла
Павле
Павлом
Павлу
ПАВЕЛ
ПАВЛА
ПАВЛЕ
ПАВЛОМ
ПАВЛУ
Ричард
Ричарда
Ричарде
Ричардом
Ричарду
РИЧАРД
РИЧАРДА
РИЧАРДЕ
РИЧАРДОМ
РИЧАРДУ
Саддам
Саддама
Саддаме
Саддамом
Саддаму
САДДАМ
САДДАМА
САДДАМЕ
САДДАМОМ
САДДАМУ
Слободан
Слободана
Слободане
Слободаном
Слободану
СЛОБОДАН
СЛОБОДАНА
СЛОБОДАНЕ
СЛОБОДАНОМ
СЛОБОДАНУ
Хамид
Хамида
Хамиде
Хамидом
Хамиду
ХАМИД
ХАМИДА
ХАМИДЕ
ХАМИДОМ
ХАМИДУ
Эдуард
Эдуарда
Эдуарде
Эдуардом
Эдуарду
ЭДУАРД
ЭДУАРДА
ЭДУАРДЕ
ЭДУАРДОМ
ЭДУАРДУ
Абакан
Абакана
Абакане
Абаканом
Абакану
АБАКАН
АБАКАНА
АБАКАНЕ
АБАКАНОМ
АБАКАНУ
Джон
Джона
Джоне
Джоном
Джоном
ДЖОН
ДЖОНА
ДЖОНЕ
ДЖОНОМ
ДЖОНОМ
Ясир
Ясира
Ясире
Ясиром
Ясиру
ЯСИР
ЯСИРА
ЯСИРЕ
ЯСИРОМ
ЯСИРУ
Аравии
Аравию
Аравия
Аравией
Чен
Захир
Захира
Захире
Захиром
Захиру
Ханссен
Ханссена
Ханссене
Ханссеном
Ханссену
Шейх
Шейха
Шейхе
Шейхом
Шейху
Ханс
Ханса
Хансе
Хансом
Хансу
Спартак
Спартака
Спартаке
Спартаком
Спартаку
Николаем
Николай
Николаю
Николая
Николае
Дэниел
Дэниела
Дэниеле
Дэниелому
Дэниелу
Аслан
Аслана
Аслане
Асланом
Аслану
Атал
Атала
Атале
Аталом
Аталу
Джек
Джека
Джеке
Джеком
Джеку
Дэвид
Дэвида
Дэвиде
Дэвидом
Дэвиду
Дэниэл
Дэниэла
Дэниэле
Дэниэлом
Дэниэлу
Егор
Егора
Егоре
Егором
Егору
Исмаил
Исмаила
Исмаиле
Исмаилом
Исмаилу
Лоуренс
Лоуренса
Лоуренсе
Лоуренсом
Лоуренсу
Майкл
Майкла
Майкле
Майклом
Майклу
Марк
Марка
Марке
Марком
Марку
Маркарян
Маркаряна
Маркаряне
Маркаряном
Маркаряну
Мохамед
Мохамеда
Мохамеде
Мохамедом
Мохамеду
Мохаммад
Мохаммада
Мохаммаде
Мохаммадом
Мохаммаду
Петр
Петра
Петре
Петром
Петру
Питер
Питера
Питере
Питером
Питеру
Питт
Питта
Питте
Питтом
Питту
Руслан
Руслана
Руслане
Русланом
Руслану
Станислав
Станислава
Станиславе
Станиславом
Станиславу
Тарик
Тарика
Тарике
Тариком
Тарику
Тимур
Тимура
Тимуре
Тимуром
Тимуру
Титомир
Титомира
Титомире
Титомиром
Титомиру
Хасан
Хасана
Хасане
Хасаном
Хасану
АРАВИИ
АРАВИЮ
АРАВИЯ
АРАВИЕЙ
ЧЕН
ЗАХИР
ЗАХИРА
ЗАХИРЕ
ЗАХИРОМ
ЗАХИРУ
ХАНССЕН
ХАНССЕНА
ХАНССЕНЕ
ХАНССЕНОМ
ХАНССЕНУ
ШЕЙХ
ШЕЙХА
ШЕЙХЕ
ШЕЙХОМ
ШЕЙХУ
ХАНС
ХАНСА
ХАНСЕ
ХАНСОМ
ХАНСУ
СПАРТАК
СПАРТАКА
СПАРТАКЕ
СПАРТАКОМ
СПАРТАКУ
НИКОЛАЕМ
НИКОЛАЙ
НИКОЛАЮ
НИКОЛАЯ
НИКОЛАЕ
ДЭНИЕЛ
ДЭНИЕЛА
ДЭНИЕЛЕ
ДЭНИЕЛОМУ
ДЭНИЕЛУ
АСЛАН
АСЛАНА
АСЛАНЕ
АСЛАНОМ
АСЛАНУ
АТАЛ
АТАЛА
АТАЛЕ
АТАЛОМ
АТАЛУ
ДЖЕК
ДЖЕКА
ДЖЕКЕ
ДЖЕКОМ
ДЖЕКУ
ДЭВИД
ДЭВИДА
ДЭВИДЕ
ДЭВИДОМ
ДЭВИДУ
ДЭНИЭЛ
ДЭНИЭЛА
ДЭНИЭЛЕ
ДЭНИЭЛОМ
ДЭНИЭЛУ
ЕГОР
ЕГОРА
ЕГОРЕ
ЕГОРОМ
ЕГОРУ
ИСМАИЛ
ИСМАИЛА
ИСМАИЛЕ
ИСМАИЛОМ
ИСМАИЛУ
ЛОУРЕНС
ЛОУРЕНСА
ЛОУРЕНСЕ
ЛОУРЕНСОМ
ЛОУРЕНСУ
МАЙКЛ
МАЙКЛА
МАЙКЛЕ
МАЙКЛОМ
МАЙКЛУ
МАРК
МАРКА
МАРКЕ
МАРКОМ
МАРКУ
МАРКАРЯН
МАРКАРЯНА
МАРКАРЯНЕ
МАРКАРЯНОМ
МАРКАРЯНУ
МОХАМЕД
МОХАМЕДА
МОХАМЕДЕ
МОХАМЕДОМ
МОХАМЕДУ
МОХАММАД
МОХАММАДА
МОХАММАДЕ
МОХАММАДОМ
МОХАММАДУ
ПЕТР
ПЕТРА
ПЕТРЕ
ПЕТРОМ
ПЕТРУ
ПИТЕР
ПИТЕРА
ПИТЕРЕ
ПИТЕРОМ
ПИТЕРУ
ПИТТ
ПИТТА
ПИТТЕ
ПИТТОМ
ПИТТУ
РУСЛАН
РУСЛАНА
РУСЛАНЕ
РУСЛАНОМ
РУСЛАНУ
СТАНИСЛАВ
СТАНИСЛАВА
СТАНИСЛАВЕ
СТАНИСЛАВОМ
СТАНИСЛАВУ
ТАРИК
ТАРИКА
ТАРИКЕ
ТАРИКОМ
ТАРИКУ
ТИМУР
ТИМУРА
ТИМУРЕ
ТИМУРОМ
ТИМУРУ
ТИТОМИР
ТИТОМИРА
ТИТОМИРЕ
ТИТОМИРОМ
ТИТОМИРУ
ХАСАН
ХАСАНА
ХАСАНЕ
ХАСАНОМ
ХАСАНУ
