АЛРОСА
АФК "Система"
АФК Система
Алроса
Альба Альянс Банк
Альфа-Банк
Альфа-Эко
Аэрофлот
Аэрофлота
Аэрофлоте
Аэрофлотом
Аэрофлоту
Балтика
Банк ДельтаКредит
Банк МФК
Банк Петрокоммерц
Башнефь
Башнефь (прив.)
Верхнесалдинское металлургическое объединение
Вимм-Билль-Данн Продукты питания
Волга-Флот
ВолгаТелеком
Воронежэнерго
Вымпелком
Газпром
Газпрома
Газпроме
Газпромом
Газпрому
Импэксбанк
Инвестиционная банковская корпорация
Иркутскэнерго
Интерроспром
Интерроспрома
Интерроспроме
Интерроспромом
Интерроспрому
Интерфакс
Интерфакса
Интерфаксе
Интерфаксом
Интерфаксу
Камчатскэнерго
Комиэнерго
Корпорация Иркут (ИАПО)
Кубаньэлектросвязь
Кубаньэлектросвязь (прив.)
Кузбассэнерго
ЛУКОЙЛ
ЛУКойл НК
Ленэнерго
Ленэнерго (прив.)
МГТС
МДМ-Банк
ММК
МТС
Международный Московский Банк
Международный Промышленный Банк
Менатеп Санкт-Петербург
Мосэнерго
НКНХ
Нижнетагильский металлургический комбинат
Нижновэнерго
Нижновэнерго (прив.)
Новосибирскэнерго (прив.)
Норильский никель, РАО
ОМЗ
Парижская Коммуна
РАО ЕЭС
РАО ЕЭС (прив.)
Роснефть
Ростелеком
Ростелеком РАО
Ростелеком РАО (прив.)
СМАРТС
Саратовэнерго
Сберегательный банк РФ
Свободный Сокол
Связьинформ, Нижний Новгород
Связьинформ, Нижний Новгород (прив.)
Северо-Западный Телеком
Сибнефть
Славнефть-Мегионнефтегаз (прив.)
Сургутнефтегаз
Сургутнефтегаз (прив.)
Сургутнефтегазбанк
ТНК
Татнефть
Татнефть (прив.)
ТрансКредитБанк
Транснефть
Транснефть (прив.)
Уралкалий
Урало-Сибирский Банк
Уралсвязьинформ
Хабаровскэнерго
ЦентрТелеком
Челябэнерго (прив.)
Череповецкий МК Северсталь
Электросвязь Московской области (прив.)
Электросвязь Новосибирской области
Электросвязь Новосибирской области (прив.)
Электросвязь Приморского Края
ЮКОС
ЮТК
Якутскэнерго
Центризбирком
Центризбиркома
Центризбиркоме
Центризбиркомом
Центризбиркому
Дальэнергосбыт
Дальэнергосбыта
Дальэнергосбыте
Дальэнергосбытом
Дальэнергосбыту
Легпромбанк
Легпромбанка
Легпромбанке
Легпромбанком
Легпромбанку
Росавиакосмос
Росавиакосмоса
Росавиакосмосе
Росавиакосмосом
Росавиакосмосу
ГАЗПРОМ
ГАЗПРОМА
ГАЗПРОМЕ
ГАЗПРОМОМ
ГАЗПРОМУ
ИНТЕРРОСПРОМ
ИНТЕРРОСПРОМА
ИНТЕРРОСПРОМЕ
ИНТЕРРОСПРОМОМ
ИНТЕРРОСПРОМУ
ИНТЕРФАКС
ИНТЕРФАКСА
ИНТЕРФАКСЕ
ИНТЕРФАКСОМ
ИНТЕРФАКСУ
ЦЕНТРИЗБИРКОМ
ЦЕНТРИЗБИРКОМА
ЦЕНТРИЗБИРКОМЕ
ЦЕНТРИЗБИРКОМОМ
ЦЕНТРИЗБИРКОМУ
АЭРОФЛОТ
АЭРОФЛОТА
АЭРОФЛОТЕ
АЭРОФЛОТОМ
АЭРОФЛОТУ
ДАЛЬЭНЕРГОСБЫТ
ДАЛЬЭНЕРГОСБЫТА
ДАЛЬЭНЕРГОСБЫТЕ
ДАЛЬЭНЕРГОСБЫТОМ
ДАЛЬЭНЕРГОСБЫТУ
ЛЕГПРОМБАНК
ЛЕГПРОМБАНКА
ЛЕГПРОМБАНКЕ
ЛЕГПРОМБАНКОМ
ЛЕГПРОМБАНКУ
РОСАВИАКОСМОС
РОСАВИАКОСМОСА
РОСАВИАКОСМОСЕ
РОСАВИАКОСМОСОМ
РОСАВИАКОСМОСУ

