Мисир Марданов
Марданов
Роберт Мугабе
Мугабе
Игорем Ивановым
Буш
Дзюнъитиро Коидзуми
Коидзуми
Путин
Владимир Владимирович Путин
Владимир Путин
Владимир Владимирович
Абдул-Хаким Ахмедович Султыгов
Александр Алексеевич Котенков
Александр Германович Бурутин
Александр Сергеевич Абрамов
Александр Стальевич Волошин
Алексей Алексеевич Громов
Анатолий Игнатьевич Приставкин
Андрей Николаевич Илларионов
Валентина Ивановна Матвиенко
Виктор Германович Казанцев
Виктор Петрович Иванов
Владимир Николаевич Шевченко
Шевченко
Владислав Юрьевич Сурков
Вячеслав Фадеевич Хижняков
Геннадий Николаевич Трошев
Георгий Сергеевич Полтавченко
Джахан Реджеповна Поллыева
Дмитрий Анатольевич Медведев
Дмитрий Николаевич Козак
Дмитрий Олегович Рогозин
Евгений Иванович Шапошников
Евгений Кузьмич Лисов
Игорь Дмитриевич Сергеев
Игорь Иванович Сечин
Игорь Олегович Щеголев
Константин Борисович Пуликовский
Леонид Вадимович Драчевский
Михаил Алексеевич Митюков
Павел Александрович Лаптев
Петр Михайлович Латышев
Сергей Владиленович Кириенко
Сергей Владимирович Ястржембский
Сергей Николаевич Самойлов
Иорико Кавагути
Кавагути
Сергей Эдуардович Приходько
Джордж Буш
Буш
Саддам Хусейн
Саддам
Ясир Арафат
Арафат
Кофи Аннан
Аннан
Пуликовского
Пуликовски
Ким Чен Иром
Ким Чен Ир
Пауэлл
Колин Пауэлл
Коллин Пауэлл
Атал Бихари Ваджпаи
Ваджпаи
Атал Ваджпаи
Маргарет Тэтчер
Тэтчер
Игорь Иванов
Геннадий Селезнев
Селезнев
Лещенко
Алексий II
Ельцин
Борис Ельцин