Президент Российской Федерации
Президент
Администратор
Директор
Директор Предприятия
Директор По Финансовым Вопросам
Инспектор
Начальник
Начальник Управления
Начальник Отдела
Заместитель
Заместитель Директора
Заведующий
Заведующий Отделом
Служащий
Служащая
Сотрудник
Сотрудница
Секретарь
Комендант
Посол
Генеральный Атторней
Министр Юстиции
Член Правительства
Член Совета Министров
Член Кабинета Министров
Кандидат
Магнат
Председатель
Председатель Совета Директоров
Канцлер
Главный Инженер
Главный Администратор
Глава Исполнительной Власти
Управляющий Делами
Комиссар
Мировой Судья
Представитель
Член Конгресса
Советник
Член Совета
Член Муниципального Совета
Депутат
Агент
Исполнительный Директор
Исполнительный Секретар
Генеральный Менеджер
Генеральный Управляющий
Губернатор
Генерал-Губернатор
Верховный Комиссар
Эксперт
Юрист
Судья
Лидер
Мэр
Лорд-Мэр
Член Парламента
Директор-Распорядитель
Маршал
Министр
Посланник
Чиновник
Государственный Секретар
Премьер-Министр
Президент
Пресс-Секретарь
Премьер-Министр
Заместитель-Консула
Профессор
Ректор
Проректор
Докладчик
Делегат
Высокопреподобие
Коммерческий Директор
Генеральный Секретарь
Государственный Секретарь
Сенатор
Спикер
Вице-Президент
Заместитель Председателя
МИД
президент
администратор
директор
директор предприятия
директор по финансовым вопросам
инспектор
начальник
начальник управления
начальник отдела
заместитель
заместитель директора
заведующий
заведующий отделом
служащий
служащая
сотрудник
сотрудница
секретарь
комендант
посол
генеральный атторней
министр юстиции
член правительства
член совета министров
член кабинета министров
кандидат
магнат
председатель
председатель совета директоров
канцлер
главный инженер
главный администратор
глава исполнительной власти
управляющий делами
комиссар
мировой судья
представитель
член конгресса
советник
член совета
член муниципального совета
депутат
агент
исполнительный директор
исполнительный секретар
генеральный менеджер
генеральный управляющий
губернатор
генерал-губернатор
верховный комиссар
эксперт
юрист
судья
лидер
мэр
лорд-мэр
член парламента
директор-распорядитель
маршал
министр
посланник
чиновник
государственный секретар
президент
Министром иностранных дел 
министром иностранных дел 
пресс-секретарь
премьер-министр
премьер-министром
экс-президента
премьер-министру
заместитель-консула
профессор
ректор
проректор
докладчик
делегат
высокопреподобие
коммерческий директор
генеральный секретарь
государственный секретарь
сенатор
спикер
вице-президент
заместитель председателя
Президент
Администратор
Директор
Директор Предприятия
Директор По Финансовым Вопросам
Инспектор
Начальник
Начальник Управления
Начальник Отдела
Заместитель
Заместитель Директора
Заведующий
Заведующий Отделом
Служащий
Служащая
Сотрудник
Сотрудница
Секретарь
Комендант
Посол
Генеральный Атторней
Министр Юстиции
Член Правительства
Член Совета Министров
Член Кабинета Министров
Кандидат
Магнат
Председатель
Председатель Совета Директоров
Канцлер
Главный Инженер
Главный Администратор
Глава Исполнительной Власти
Управляющий Делами
Комиссар
Мировой Судья
Представитель
Член Конгресса
Советник
Член Совета
Член Муниципального Совета
Депутат
Агент
Исполнительный Директор
Исполнительный Секретар
Генеральный Менеджер
Генеральный Управляющий
Губернатор
Генерал-Губернатор
Верховный Комиссар
Эксперт
Юрист
Судья
Лидер
Мэр
Лорд-Мэр
Член Парламента
Директор-Распорядитель
Маршал
Министр
Посланник
Чиновник
Государственный Секретар
Премьер-Министр
Президент
Пресс-Секретарь
Премьер-Министр
Премьер-Министром
Заместитель-Консула
Профессор
Ректор
Проректор
Докладчик
Делегат
Высокопреподобие
Коммерческий Директор
Генеральный Секретарь
Государственный Секретарь
Сенатор
Спикер
Вице-Президент
Заместитель Председателя
Патриарх
патриарх
губернатор
Губернатор
Сенатор
сенатор
министр труда и социального развития
Министр труда и социального развития
пресс-секретарь полпреда
Пресс-секретарь полпреда
лидером
лидер
Лидером
Лидер
драматург
Драматург
скульптором
Скульптором
скульптор
Скульптор
художник
Художник
Художником
художником
председателем парламентского комитета
Председателем парламентского комитета
пресс-секретарь председателя
Пресс-секретарь председателя
Президент Российской Федерации
министр строительства
Министр строительства
Министр гражданских отношений
министр гражданских отношений



