>:] normalized=:)
:-) normalized=:)
:) normalized=:)
:o) normalized=:)
:] normalized=:)
:3 normalized=:)
:c) normalized=:)
:> normalized=:)
=] normalized=:)
8) normalized=:)
=) normalized=:)
:} normalized=:)
:^) normalized=:)
:っ) normalized=:)

>:D normalized=:D
:-D normalized=:D
:D normalized=:D
8-D normalized=:D
8D normalized=:D
x-D normalized=:D
xD normalized=:D
X-D normalized=:D
XD normalized=:D
=-D normalized=:D
=D normalized=:D
=-3 normalized=:D
=3 normalized=:D
8-) normalized=:D
:っD normalized=:D

:-)) normalized=:))
:)) normalized=:))

>:[ normalized=:(
:( normalized=:(
:-c normalized=:(
:c normalized=:(
:-< normalized=:(
:っC normalized=:(
:< normalized=:(
:-[ normalized=:(
:[ normalized=:(
:{ normalized=:(
>.> normalized=:(
<.< normalized=:(
>.< normalized=:(

:* normalized=:*

:-|| normalized=:@
:@ normalized=:@

D:< normalized=D:
D: normalized=D:
D8 normalized=D:
D; normalized=D:
D= normalized=D:
DX normalized=D:
v.v normalized=D:
D-': normalized=D:

>;] normalized=;)
;-) normalized=;)
;) normalized=;)
*-) normalized=;)
*) normalized=;)
;-] normalized=;)
;] normalized=;)
;D normalized=;)
;^) normalized=;)

>:P normalized=:P
:-P normalized=:P
:P normalized=:P
X-P normalized=:P
x-p normalized=:P
xp normalized=:P
XP normalized=:P
:-p normalized=:P
:p normalized=:P
=p normalized=:P
:-Þ normalized=:P
:Þ normalized=:P
:-b normalized=:P
:b normalized=:P

>:o normalized=:o
>:O normalized=:o
:-O normalized=:o
:O normalized=:o
:o normalized=:o
°o° normalized=:o
°O° normalized=:o
:O normalized=:o
o_O normalized=:o
o_0 normalized=:o
o.O normalized=:o
8-0 normalized=:o

>:\ normalized=:/
>:/ normalized=:/
:-/ normalized=:/
:-. normalized=:/
:/ normalized=:/
:\ normalized=:/
=/ normalized=:/
=\ normalized=:/
:S normalized=:/

:| normalized=:|
:-| normalized=:|

>:X normalized=:X
:-X normalized=:X
:X normalized=:X
:-# normalized=:X
:# normalized=:X
:$ normalized=:X

O:-) normalized=O:)
0:-3 normalized=O:)
0:3 normalized=O:)
O:) normalized=O:)
0;^) normalized=O:)

>:) normalized=>:)
>;) normalized=>:)
>:-) normalized=>:)

o/\o normalized=^5
^5 normalized=^5
>_>^ normalized=^5
^<_< normalized=^5

|;-) normalized=|;-)
|-O normalized=|;-)

:-& normalized=:&
:& normalized=:&

}:-) normalized=}:)
}:) normalized=}:)

#-) normalized=%)
%-) normalized=%)
%) normalized=%)

:-###.. normalized=:###..
:###.. normalized=:###..

:'-( normalized=:'(
:'( normalized=:'(
QQ normalized=:'(

:'-) normalized=:')
:') normalized=:')

<:-| normalized=<:-|

ಠ_ಠ normalized=ಠ_ಠ

<*)))-{ normalized=<*)))-{

*\0/* normalized=*\0/*

@}-;-'--- normalized=@>-->--
@>-->-- normalzied=@>-->--
